../Core/Src/main.c:83:13:delay_us	16	static
../Core/Src/main.c:89:13:HCSR04_Trigger	8	static
../Core/Src/main.c:99:16:Distance_To_GreenDuty	16	static
../Core/Src/main.c:108:13:Update_LED_By_Distance	16	static
../Core/Src/main.c:129:6:HAL_GPIO_EXTI_Callback	24	static
../Core/Src/main.c:163:5:main	56	static
../Core/Src/main.c:263:6:SystemClock_Config	88	static
../Core/Src/main.c:317:13:MX_TIM6_Init	16	static
../Core/Src/main.c:355:13:MX_USART1_UART_Init	8	static
../Core/Src/main.c:388:13:MX_GPIO_Init	40	static
../Core/Src/main.c:452:6:Error_Handler	4	static,ignoring_inline_asm
