../Core/Src/main.c:148:16:DecToBCD	1
../Core/Src/main.c:153:16:BCDToDec	1
../Core/Src/main.c:158:26:SetTime	1
../Core/Src/main.c:179:26:GetTime	2
../Core/Src/main.c:208:13:UART_Print	1
../Core/Src/main.c:213:13:UART_PrintCardID	1
../Core/Src/main.c:224:13:OLED_ClearLines	1
../Core/Src/main.c:237:13:OLED_ShowIdle	1
../Core/Src/main.c:247:13:OLED_ShowAccess	2
../Core/Src/main.c:276:16:IsAuthorized	3
../Core/Src/main.c:291:13:AddLog	3
../Core/Src/main.c:311:13:PrintLogs	4
../Core/Src/main.c:346:13:PrintAuthorizedCards	3
../Core/Src/main.c:372:16:ParseCardID	7
../Core/Src/main.c:392:13:ProcessCommand	13
../Core/Src/main.c:482:13:ProcessUartRx	2
../Core/Src/main.c:499:13:HandleCard	3
../Core/Src/main.c:536:5:main	6
../Core/Src/main.c:663:6:SystemClock_Config	4
../Core/Src/main.c:717:13:MX_I2C3_Init	4
../Core/Src/main.c:765:13:MX_SPI4_Init	2
../Core/Src/main.c:803:13:MX_TIM6_Init	3
../Core/Src/main.c:841:13:MX_USART1_UART_Init	2
../Core/Src/main.c:874:13:MX_GPIO_Init	1
../Core/Src/main.c:914:6:HAL_UART_RxCpltCallback	8
../Core/Src/main.c:955:6:Error_Handler	1
