../Core/Src/main.c:148:16:DecToBCD	16	static
../Core/Src/main.c:153:16:BCDToDec	16	static
../Core/Src/main.c:158:26:SetTime	40	static
../Core/Src/main.c:179:26:GetTime	40	static
../Core/Src/main.c:208:13:UART_Print	16	static
../Core/Src/main.c:213:13:UART_PrintCardID	136	static
../Core/Src/main.c:224:13:OLED_ClearLines	8	static
../Core/Src/main.c:237:13:OLED_ShowIdle	8	static
../Core/Src/main.c:247:13:OLED_ShowAccess	64	static
../Core/Src/main.c:276:16:IsAuthorized	24	static
../Core/Src/main.c:291:13:AddLog	40	static
../Core/Src/main.c:311:13:PrintLogs	272	static
../Core/Src/main.c:346:13:PrintAuthorizedCards	144	static
../Core/Src/main.c:372:16:ParseCardID	56	static
../Core/Src/main.c:392:13:ProcessCommand	24	static
../Core/Src/main.c:482:13:ProcessUartRx	72	static,ignoring_inline_asm
../Core/Src/main.c:499:13:HandleCard	160	static
../Core/Src/main.c:536:5:main	32	static
../Core/Src/main.c:663:6:SystemClock_Config	88	static
../Core/Src/main.c:717:13:MX_I2C3_Init	8	static
../Core/Src/main.c:765:13:MX_SPI4_Init	8	static
../Core/Src/main.c:803:13:MX_TIM6_Init	16	static
../Core/Src/main.c:841:13:MX_USART1_UART_Init	8	static
../Core/Src/main.c:874:13:MX_GPIO_Init	48	static
../Core/Src/main.c:914:6:HAL_UART_RxCpltCallback	24	static
../Core/Src/main.c:955:6:Error_Handler	4	static,ignoring_inline_asm
