../Core/Src/main.c:76:13:OLED_ClearLines	1
../Core/Src/main.c:89:13:OLED_PrintIdle	1
../Core/Src/main.c:99:13:OLED_PrintCardID	1
../Core/Src/main.c:121:13:UART_PrintCardID	1
../Core/Src/main.c:137:5:main	5
../Core/Src/main.c:224:6:SystemClock_Config	3
../Core/Src/main.c:266:13:MX_I2C3_Init	4
../Core/Src/main.c:314:13:MX_SPI4_Init	2
../Core/Src/main.c:352:13:MX_TIM6_Init	3
../Core/Src/main.c:390:13:MX_USART1_UART_Init	2
../Core/Src/main.c:423:13:MX_GPIO_Init	1
../Core/Src/main.c:458:6:Error_Handler	1
