../Core/Src/main.c:88:9:DecToBCD	16	static
../Core/Src/main.c:93:9:BCDToDec	16	static
../Core/Src/main.c:98:19:SetTime	40	static
../Core/Src/main.c:119:19:GetTime	40	static
../Core/Src/main.c:153:5:main	144	static
../Core/Src/main.c:241:6:SystemClock_Config	88	static
../Core/Src/main.c:295:13:MX_I2C3_Init	8	static
../Core/Src/main.c:343:13:MX_SPI4_Init	8	static
../Core/Src/main.c:381:13:MX_TIM6_Init	16	static
../Core/Src/main.c:419:13:MX_USART1_UART_Init	8	static
../Core/Src/main.c:452:13:MX_GPIO_Init	48	static
../Core/Src/main.c:488:6:Error_Handler	4	static,ignoring_inline_asm
